
[0m[0m
[0m  Integration tests[0m
[0m    Users[0m
Successfully connected to database: NoteOrganizer_Testing
### TEST HELPER ###
Documents have been removed: {"ok":1,"n":3}
###################
[0mGET /api/users/userMailOne/tabs [32m200 [0m142.839 ms - 13[0m
    [32m  ✓[0m[90m When getting tabs the data should be valid[0m[31m (179ms)[0m
[0mGET /api/users/userMailOne/notes [32m200 [0m7.456 ms - 398[0m
    [32m  ✓[0m[90m When getting notes the data should be valid[0m
[0mPOST /api/users/userMailOne/tabs [32m200 [0m173.538 ms - 28[0m
{ ok: 1, nModified: 0, n: 0 }
    [32m  ✓[0m[90m When posting tab already inside database it should return proper info[0m[31m (178ms)[0m

[0m  Note[0m
  [32m  ✓[0m[90m 1. Note should be invalid if no title object provided[0m
  [32m  ✓[0m[90m 2. Note should be invalid if title string is empty[0m
  [32m  ✓[0m[90m 3. Note should be invalid if title is too long[0m
  [32m  ✓[0m[90m 4. Note should be invalid if content is too long[0m
  [32m  ✓[0m[90m 5. Note should be valid if title is correct[0m
  [32m  ✓[0m[90m 6. Note should be valid if content is correct[0m
  [32m  ✓[0m[90m 7. Note should have the correct default tab set[0m
  [32m  ✓[0m[90m 8. Note should have the date automatically set[0m

[0m  User[0m
  [32m  ✓[0m[90m 1. User should be invalid if required fields are missing[0m
  [32m  ✓[0m[90m 2. User should be valid if required fields are provided[0m
  [32m  ✓[0m[90m 3. User should be invalid if maximum number of notes is exceeded[0m
  [32m  ✓[0m[90m 4. User should be valid if maximum number of notes is not exceeded[0m


[92m [0m[32m 15 passing[0m[90m (591ms)[0m

